[apphacker.me/cryptohacker/index.html]
[apphacker.me/wp-content/litespeed/css/18d77052585a10653efadd8e79faaa7a4861.css]
[backblue.gif]
[fade.gif]
[index.html]
[cdn.utmify.com.br/scripts/pixel/pixel.js]
[cdn.utmify.com.br/scripts/utms/latest.js]
[connect.facebook.net/en_US/fbevents.js]
[apphacker.me/cryptohacker/fonts/jost-latin-800-normal.70a6711630c955a2491.woff2]
[apphacker.me/cryptohacker/fonts/jost-latin-800-normal.a0fa2cc9cd1cd531056.woff]
[apphacker.me/cryptohacker/index.html]
[apphacker.me/wp-content/litespeed/css/18d77052585a10653efadd8e79faaa7a4861.css]
[cdnjs.cloudflare.com/ajax/libs/toastr.js/latest/css/toastr.min.css]
[apphacker.me/cryptohacker/POST]
[apphacker.me/cryptohacker/b.resolvedLink]
[apphacker.me/cryptohacker/schema.org/index.html]
[apphacker.me/signals/iwl.js]
[connect.facebook.net/en_US/fbevents.js]
[apphacker.me/cryptohacker/fonts/jost-latin-800-normal.70a6711630c955a2491.html]
[apphacker.me/cryptohacker/fonts/jost-latin-800-normal.a0fa2cc9cd1cd531056.html]
[cdnjs.cloudflare.com/ajax/libs/toastr.js/latest/css/toastr.min.css]
[apphacker.me/cryptohacker/POST.html]
[apphacker.me/cryptohacker/schema.org/index.html]
[apphacker.me/cryptohacker/b.html]
[apphacker.me/signals/iwl.html]
